// <auto-generated/>
// This code was generated by the library M31.FluentAPI.
// Changes to this file may cause incorrect behavior and will be lost if the code is regenerated.

#pragma warning disable CS1591 // Missing XML comment for publicly visible type or member
#nullable enable

using M31.FluentApi.Attributes;
using System;
using System.Reflection;

namespace M31.FluentApi.Tests.CodeGeneration.TestClasses.Abstract.OverloadedMethodClass;

public class CreateStudent :
    CreateStudent.ICreateStudent,
    CreateStudent.INamedNamed
{
    private readonly Student student;
    private static readonly MethodInfo namedMethodInfo;
    private static readonly MethodInfo namedMethodInfo2;

    static CreateStudent()
    {
        namedMethodInfo = typeof(Student).GetMethod(
            "Named",
            0,
            BindingFlags.Instance | BindingFlags.NonPublic,
            null,
            new Type[] { typeof(string), typeof(string) },
            null)!;
        namedMethodInfo2 = typeof(Student).GetMethod(
            "Named",
            0,
            BindingFlags.Instance | BindingFlags.NonPublic,
            null,
            new Type[] { typeof(string) },
            null)!;
    }

    private CreateStudent()
    {
        student = new Student();
    }

    public static ICreateStudent InitialStep()
    {
        return new CreateStudent();
    }

    public static Student Named(string firstName, string lastName)
    {
        CreateStudent createStudent = new CreateStudent();
        CreateStudent.namedMethodInfo.Invoke(createStudent.student, new object?[] { firstName, lastName });
        return createStudent.student;
    }

    Student INamedNamed.Named(string firstName, string lastName)
    {
        CreateStudent.namedMethodInfo.Invoke(student, new object?[] { firstName, lastName });
        return student;
    }

    public static Student Named(string lastName)
    {
        CreateStudent createStudent = new CreateStudent();
        CreateStudent.namedMethodInfo2.Invoke(createStudent.student, new object?[] { lastName });
        return createStudent.student;
    }

    Student INamedNamed.Named(string lastName)
    {
        CreateStudent.namedMethodInfo2.Invoke(student, new object?[] { lastName });
        return student;
    }

    public interface ICreateStudent : INamedNamed
    {
    }

    public interface INamedNamed
    {
        Student Named(string firstName, string lastName);

        Student Named(string lastName);
    }
}