// <auto-generated/>
// This code was generated by the library M31.FluentAPI.
// Changes to this file may cause incorrect behavior and will be lost if the code is regenerated.

#pragma warning disable CS1591 // Missing XML comment for publicly visible type or member
#nullable enable

using M31.FluentApi.Attributes;
using System.Reflection;

namespace M31.FluentApi.Tests.CodeGeneration.TestClasses.Abstract.PredicatePrivateFieldClass;

public class CreateStudent
{
    private readonly Student student;
    private static readonly FieldInfo isHappyFieldInfo;

    static CreateStudent()
    {
        isHappyFieldInfo = typeof(Student).GetField("isHappy", BindingFlags.Instance | BindingFlags.NonPublic)!;
    }

    private CreateStudent()
    {
        student = new Student();
    }

    public static Student WhoIsHappy(bool isHappy = true)
    {
        CreateStudent createStudent = new CreateStudent();
        isHappyFieldInfo.SetValue(createStudent.student, isHappy);
        return createStudent.student;
    }

    public static Student WhoIsSad()
    {
        CreateStudent createStudent = new CreateStudent();
        isHappyFieldInfo.SetValue(createStudent.student, false);
        return createStudent.student;
    }
}