// <auto-generated/>
// This code was generated by the library M31.FluentAPI.
// Changes to this file may cause incorrect behavior and will be lost if the code is regenerated.

#pragma warning disable CS1591 // Missing XML comment for publicly visible type or member
#nullable enable

namespace M31.FluentApi.Tests.CodeGeneration.TestClasses.Abstract.FluentApiComments.IncompletelyCommentedPropertyClass;

public class CreateStudent :
    CreateStudent.ICreateStudent,
    CreateStudent.ILivingIn
{
    private readonly Student student;

    private CreateStudent()
    {
        student = new Student();
    }

    public static ICreateStudent InitialStep()
    {
        return new CreateStudent();
    }

    public static Student LivingIn(string? city)
    {
        CreateStudent createStudent = new CreateStudent();
        createStudent.student.City = city;
        return createStudent.student;
    }

    public static Student LivingInBoston()
    {
        CreateStudent createStudent = new CreateStudent();
        return createStudent.student;
    }

    public static Student InUnknownCity()
    {
        CreateStudent createStudent = new CreateStudent();
        createStudent.student.City = null;
        return createStudent.student;
    }

    Student ILivingIn.LivingIn(string? city)
    {
        student.City = city;
        return student;
    }

    Student ILivingIn.LivingInBoston()
    {
        return student;
    }

    Student ILivingIn.InUnknownCity()
    {
        student.City = null;
        return student;
    }

    public interface ICreateStudent : ILivingIn
    {
    }

    public interface ILivingIn
    {
        Student LivingIn(string? city);

        Student LivingInBoston();

        Student InUnknownCity();
    }
}