// <auto-generated/>
// This code was generated by the library M31.FluentAPI.
// Changes to this file may cause incorrect behavior and will be lost if the code is regenerated.

#pragma warning disable CS1591 // Missing XML comment for publicly visible type or member
#nullable enable

using M31.FluentApi.Attributes;
using System;

namespace M31.FluentApi.Tests.CodeGeneration.TestClasses.Abstract.FluentLambdaNullablePropertyClass;

public class CreateStudent :
    CreateStudent.ICreateStudent,
    CreateStudent.IWithName,
    CreateStudent.IWithAddress
{
    private readonly Student student;

    private CreateStudent()
    {
        student = new Student();
    }

    public static ICreateStudent InitialStep()
    {
        return new CreateStudent();
    }

    public static IWithAddress WithName(string name)
    {
        CreateStudent createStudent = new CreateStudent();
        createStudent.student.Name = name;
        return createStudent;
    }

    IWithAddress IWithName.WithName(string name)
    {
        student.Name = name;
        return this;
    }

    Student IWithAddress.WithAddress(M31.FluentApi.Tests.CodeGeneration.TestClasses.Abstract.FluentLambdaNullablePropertyClass.Address? address)
    {
        student.Address = address;
        return student;
    }

    Student IWithAddress.WithAddress(Func<M31.FluentApi.Tests.CodeGeneration.TestClasses.Abstract.FluentLambdaNullablePropertyClass.CreateAddress.ICreateAddress, M31.FluentApi.Tests.CodeGeneration.TestClasses.Abstract.FluentLambdaNullablePropertyClass.Address?> createAddress)
    {
        student.Address = createAddress(M31.FluentApi.Tests.CodeGeneration.TestClasses.Abstract.FluentLambdaNullablePropertyClass.CreateAddress.InitialStep());
        return student;
    }

    Student IWithAddress.WithoutAddress()
    {
        student.Address = null;
        return student;
    }

    public interface ICreateStudent : IWithName
    {
    }

    public interface IWithName
    {
        IWithAddress WithName(string name);
    }

    public interface IWithAddress
    {
        Student WithAddress(M31.FluentApi.Tests.CodeGeneration.TestClasses.Abstract.FluentLambdaNullablePropertyClass.Address? address);

        Student WithAddress(Func<M31.FluentApi.Tests.CodeGeneration.TestClasses.Abstract.FluentLambdaNullablePropertyClass.CreateAddress.ICreateAddress, M31.FluentApi.Tests.CodeGeneration.TestClasses.Abstract.FluentLambdaNullablePropertyClass.Address?> createAddress);

        Student WithoutAddress();
    }
}