// <auto-generated/>
// This code was generated by the library M31.FluentAPI.
// Changes to this file may cause incorrect behavior and will be lost if the code is regenerated.

#pragma warning disable CS1591 // Missing XML comment for publicly visible type or member
#nullable enable

using System;
using M31.FluentApi.Attributes;

namespace M31.FluentApi.Tests.CodeGeneration.TestClasses.Abstract.ForkClass;

public class CreateStudent :
    CreateStudent.ICreateStudent,
    CreateStudent.IOfAgeBornOn
{
    private readonly Student student;

    private CreateStudent()
    {
        student = new Student();
    }

    public static ICreateStudent InitialStep()
    {
        return new CreateStudent();
    }

    public static Student OfAge(int age)
    {
        CreateStudent createStudent = new CreateStudent();
        createStudent.student.Age = age;
        return createStudent.student;
    }

    Student IOfAgeBornOn.OfAge(int age)
    {
        student.Age = age;
        return student;
    }

    public static Student BornOn(System.DateOnly dateOfBirth)
    {
        CreateStudent createStudent = new CreateStudent();
        createStudent.student.DateOfBirth = dateOfBirth;
        return createStudent.student;
    }

    Student IOfAgeBornOn.BornOn(System.DateOnly dateOfBirth)
    {
        student.DateOfBirth = dateOfBirth;
        return student;
    }

    public interface ICreateStudent : IOfAgeBornOn
    {
    }

    public interface IOfAgeBornOn
    {
        Student OfAge(int age);

        Student BornOn(System.DateOnly dateOfBirth);
    }
}