// <auto-generated/>
// This code was generated by the library M31.FluentAPI.
// Changes to this file may cause incorrect behavior and will be lost if the code is regenerated.

#pragma warning disable CS1591 // Missing XML comment for publicly visible type or member
#nullable enable

using System;
using M31.FluentApi.Attributes;

namespace M31.FluentApi.Tests.CodeGeneration.TestClasses.Abstract.FluentMethodClass;

public class CreateStudent : CreateStudent.IBornOn, CreateStudent.IInSemester
{
    private readonly Student student;

    private CreateStudent()
    {
        student = new Student();
    }

    public static IBornOn WithName(string name)
    {
        CreateStudent createStudent = new CreateStudent();
        createStudent.student.WithName(name);
        return createStudent;
    }

    public IInSemester BornOn(System.DateOnly date)
    {
        student.BornOn(date);
        return this;
    }

    public Student InSemester(int semester)
    {
        student.InSemester(semester);
        return student;
    }

    public interface IBornOn
    {
        IInSemester BornOn(System.DateOnly date);
    }

    public interface IInSemester
    {
        Student InSemester(int semester);
    }
}