// <auto-generated/>
// This code was generated by the library M31.FluentAPI.
// Changes to this file may cause incorrect behavior and will be lost if the code is regenerated.

#pragma warning disable CS1591 // Missing XML comment for publicly visible type or member
#nullable enable

using System.Collections.Generic;
using M31.FluentApi.Attributes;

namespace M31.FluentApi.Tests.CodeGeneration.TestClasses.Abstract.GenericMethodWithConstraintsClass;

public class CreateStudent
{
    private readonly Student student;

    private CreateStudent()
    {
        student = new Student();
    }

    public static Student Method1<T1, T2, T3, T4, T5, T6, T7, T8, T9>(T1 p1, T2 p2, T3 p3, T4 p4, T5 p5, T6 p6, T7 p7, T8 p8, T9 p9)
        where T1 : class
        where T2 : class?
        where T3 : struct
        where T4 : notnull
        where T5 : new()
        where T6 : unmanaged
        where T7 : System.Collections.Generic.List<int>, System.Collections.Generic.IDictionary<int, string>
        where T8 : class, System.Collections.Generic.IDictionary<int, string>
        where T9 : System.Collections.Generic.List<int>, new()
    {
        CreateStudent createStudent = new CreateStudent();
        createStudent.student.Method1<T1, T2, T3, T4, T5, T6, T7, T8, T9>(p1, p2, p3, p4, p5, p6, p7, p8, p9);
        return createStudent.student;
    }
}