// <auto-generated/>
// This code was generated by the library M31.FluentAPI.
// Changes to this file may cause incorrect behavior and will be lost if the code is regenerated.

#pragma warning disable CS1591 // Missing XML comment for publicly visible type or member
#nullable enable

using M31.FluentApi.Attributes;
using System;
using System.Reflection;

namespace M31.FluentApi.Tests.CodeGeneration.TestClasses.Abstract.PrivateFluentMethodParameterModifiersClass;

public class CreateStudent : CreateStudent.IMethodWithRefParameter, CreateStudent.IMethodWithInParameter, CreateStudent.IMethodWithOutParameter, CreateStudent.IMethodWithRefInAndOutParameter
{
    private readonly Student student;
    private static readonly MethodInfo methodWithParamsMethodInfo;
    private static readonly MethodInfo methodWithRefParameterMethodInfo;
    private static readonly MethodInfo methodWithInParameterMethodInfo;
    private static readonly MethodInfo methodWithOutParameterMethodInfo;
    private static readonly MethodInfo methodWithRefInAndOutParameterMethodInfo;

    static CreateStudent()
    {
        methodWithParamsMethodInfo = typeof(Student).GetMethod(
            "MethodWithParams",
            BindingFlags.Instance | BindingFlags.NonPublic,
            new Type[] { typeof(int[]) })!;
        methodWithRefParameterMethodInfo = typeof(Student).GetMethod(
            "MethodWithRefParameter",
            BindingFlags.Instance | BindingFlags.NonPublic,
            new Type[] { typeof(int) })!;
        methodWithInParameterMethodInfo = typeof(Student).GetMethod(
            "MethodWithInParameter",
            BindingFlags.Instance | BindingFlags.NonPublic,
            new Type[] { typeof(int) })!;
        methodWithOutParameterMethodInfo = typeof(Student).GetMethod(
            "MethodWithOutParameter",
            BindingFlags.Instance | BindingFlags.NonPublic,
            new Type[] { typeof(int) })!;
        methodWithRefInAndOutParameterMethodInfo = typeof(Student).GetMethod(
            "MethodWithRefInAndOutParameter",
            BindingFlags.Instance | BindingFlags.NonPublic,
            new Type[] { typeof(int), typeof(int), typeof(int) })!;
    }

    private CreateStudent()
    {
        student = new Student();
    }

    public static IMethodWithRefParameter MethodWithParams(params int[] numbers)
    {
        CreateStudent createStudent = new CreateStudent();
        methodWithParamsMethodInfo.Invoke(createStudent.student, new object?[] { numbers });
        return createStudent;
    }

    public IMethodWithInParameter MethodWithRefParameter(ref int n1)
    {
        object?[] args = new object?[] { n1 };
        methodWithRefParameterMethodInfo.Invoke(student, args);
        n1 = (int) args[0]!;
        return this;
    }

    public IMethodWithOutParameter MethodWithInParameter(in int n2)
    {
        methodWithInParameterMethodInfo.Invoke(student, new object?[] { n2 });
        return this;
    }

    public IMethodWithRefInAndOutParameter MethodWithOutParameter(out int n3)
    {
        object?[] args = new object?[] { null };
        methodWithOutParameterMethodInfo.Invoke(student, args);
        n3 = (int) args[0]!;
        return this;
    }

    public Student MethodWithRefInAndOutParameter(ref int n4, in int n5, out int n6)
    {
        object?[] args = new object?[] { n4, n5, null };
        methodWithRefInAndOutParameterMethodInfo.Invoke(student, args);
        n4 = (int) args[0]!;
        n6 = (int) args[2]!;
        return student;
    }

    public interface IMethodWithRefParameter
    {
        IMethodWithInParameter MethodWithRefParameter(ref int n1);
    }

    public interface IMethodWithInParameter
    {
        IMethodWithOutParameter MethodWithInParameter(in int n2);
    }

    public interface IMethodWithOutParameter
    {
        IMethodWithRefInAndOutParameter MethodWithOutParameter(out int n3);
    }

    public interface IMethodWithRefInAndOutParameter
    {
        Student MethodWithRefInAndOutParameter(ref int n4, in int n5, out int n6);
    }
}